Archive member included to satisfy reference by file (symbol)

d:/program files/stm32cubeide_1.4.0/stm32cubeide/plugins/com.st.stm32cube.ide.mcu.externaltools.gnu-tools-for-stm32.9-2020-q2-update.win32_1.5.0.202011040924/tools/bin/../lib/gcc/arm-none-eabi/9.3.1/../../../../arm-none-eabi/lib/thumb/v7-m/nofp\libc.a(lib_a-atoi.o)
                              src/protocol/modbus_func_adjust.o (atoi)
d:/program files/stm32cubeide_1.4.0/stm32cubeide/plugins/com.st.stm32cube.ide.mcu.externaltools.gnu-tools-for-stm32.9-2020-q2-update.win32_1.5.0.202011040924/tools/bin/../lib/gcc/arm-none-eabi/9.3.1/../../../../arm-none-eabi/lib/thumb/v7-m/nofp\libc.a(lib_a-exit.o)
                              d:/program files/stm32cubeide_1.4.0/stm32cubeide/plugins/com.st.stm32cube.ide.mcu.externaltools.gnu-tools-for-stm32.9-2020-q2-update.win32_1.5.0.202011040924/tools/bin/../lib/gcc/arm-none-eabi/9.3.1/../../../../arm-none-eabi/lib/thumb/v7-m/nofp/crt0.o (exit)
d:/program files/stm32cubeide_1.4.0/stm32cubeide/plugins/com.st.stm32cube.ide.mcu.externaltools.gnu-tools-for-stm32.9-2020-q2-update.win32_1.5.0.202011040924/tools/bin/../lib/gcc/arm-none-eabi/9.3.1/../../../../arm-none-eabi/lib/thumb/v7-m/nofp\libc.a(lib_a-impure.o)
                              d:/program files/stm32cubeide_1.4.0/stm32cubeide/plugins/com.st.stm32cube.ide.mcu.externaltools.gnu-tools-for-stm32.9-2020-q2-update.win32_1.5.0.202011040924/tools/bin/../lib/gcc/arm-none-eabi/9.3.1/../../../../arm-none-eabi/lib/thumb/v7-m/nofp\libc.a(lib_a-exit.o) (_global_impure_ptr)
d:/program files/stm32cubeide_1.4.0/stm32cubeide/plugins/com.st.stm32cube.ide.mcu.externaltools.gnu-tools-for-stm32.9-2020-q2-update.win32_1.5.0.202011040924/tools/bin/../lib/gcc/arm-none-eabi/9.3.1/../../../../arm-none-eabi/lib/thumb/v7-m/nofp\libc.a(lib_a-init.o)
                              d:/program files/stm32cubeide_1.4.0/stm32cubeide/plugins/com.st.stm32cube.ide.mcu.externaltools.gnu-tools-for-stm32.9-2020-q2-update.win32_1.5.0.202011040924/tools/bin/../lib/gcc/arm-none-eabi/9.3.1/../../../../arm-none-eabi/lib/thumb/v7-m/nofp/crt0.o (__libc_init_array)
d:/program files/stm32cubeide_1.4.0/stm32cubeide/plugins/com.st.stm32cube.ide.mcu.externaltools.gnu-tools-for-stm32.9-2020-q2-update.win32_1.5.0.202011040924/tools/bin/../lib/gcc/arm-none-eabi/9.3.1/../../../../arm-none-eabi/lib/thumb/v7-m/nofp\libc.a(lib_a-memcpy-stub.o)
                              src/protocol/modbus_func_adjust.o (memcpy)
d:/program files/stm32cubeide_1.4.0/stm32cubeide/plugins/com.st.stm32cube.ide.mcu.externaltools.gnu-tools-for-stm32.9-2020-q2-update.win32_1.5.0.202011040924/tools/bin/../lib/gcc/arm-none-eabi/9.3.1/../../../../arm-none-eabi/lib/thumb/v7-m/nofp\libc.a(lib_a-memset.o)
                              d:/program files/stm32cubeide_1.4.0/stm32cubeide/plugins/com.st.stm32cube.ide.mcu.externaltools.gnu-tools-for-stm32.9-2020-q2-update.win32_1.5.0.202011040924/tools/bin/../lib/gcc/arm-none-eabi/9.3.1/../../../../arm-none-eabi/lib/thumb/v7-m/nofp/crt0.o (memset)
d:/program files/stm32cubeide_1.4.0/stm32cubeide/plugins/com.st.stm32cube.ide.mcu.externaltools.gnu-tools-for-stm32.9-2020-q2-update.win32_1.5.0.202011040924/tools/bin/../lib/gcc/arm-none-eabi/9.3.1/../../../../arm-none-eabi/lib/thumb/v7-m/nofp\libc.a(lib_a-strlen.o)
                              src/tiny_printf.o (strlen)
d:/program files/stm32cubeide_1.4.0/stm32cubeide/plugins/com.st.stm32cube.ide.mcu.externaltools.gnu-tools-for-stm32.9-2020-q2-update.win32_1.5.0.202011040924/tools/bin/../lib/gcc/arm-none-eabi/9.3.1/../../../../arm-none-eabi/lib/thumb/v7-m/nofp\libc.a(lib_a-strtol.o)
                              d:/program files/stm32cubeide_1.4.0/stm32cubeide/plugins/com.st.stm32cube.ide.mcu.externaltools.gnu-tools-for-stm32.9-2020-q2-update.win32_1.5.0.202011040924/tools/bin/../lib/gcc/arm-none-eabi/9.3.1/../../../../arm-none-eabi/lib/thumb/v7-m/nofp\libc.a(lib_a-atoi.o) (_strtol_r)
d:/program files/stm32cubeide_1.4.0/stm32cubeide/plugins/com.st.stm32cube.ide.mcu.externaltools.gnu-tools-for-stm32.9-2020-q2-update.win32_1.5.0.202011040924/tools/bin/../lib/gcc/arm-none-eabi/9.3.1/../../../../arm-none-eabi/lib/thumb/v7-m/nofp\libc.a(lib_a-vsprintf.o)
                              src/protocol/modbus_func_adjust.o (vsprintf)
d:/program files/stm32cubeide_1.4.0/stm32cubeide/plugins/com.st.stm32cube.ide.mcu.externaltools.gnu-tools-for-stm32.9-2020-q2-update.win32_1.5.0.202011040924/tools/bin/../lib/gcc/arm-none-eabi/9.3.1/../../../../arm-none-eabi/lib/thumb/v7-m/nofp\libc.a(lib_a-__call_atexit.o)
                              d:/program files/stm32cubeide_1.4.0/stm32cubeide/plugins/com.st.stm32cube.ide.mcu.externaltools.gnu-tools-for-stm32.9-2020-q2-update.win32_1.5.0.202011040924/tools/bin/../lib/gcc/arm-none-eabi/9.3.1/../../../../arm-none-eabi/lib/thumb/v7-m/nofp\libc.a(lib_a-exit.o) (__call_exitprocs)
[...]
Memory Configuration

Name             Origin             Length             Attributes
FLASH            0x0000000008002800 0x0000000000007800 xr
RAM              0x0000000020000000 0x0000000000005000 xrw
MEMORY_B1        0x0000000060000000 0x0000000000000000 xr
*default*        0x0000000000000000 0xffffffffffffffff

Linker script and memory map

LOAD d:/program files/stm32cubeide_1.4.0/stm32cubeide/plugins/com.st.stm32cube.ide.mcu.externaltools.gnu-tools-for-stm32.9-2020-q2-update.win32_1.5.0.202011040924/tools/bin/../lib/gcc/arm-none-eabi/9.3.1/thumb/v7-m/nofp/crti.o
LOAD d:/program files/stm32cubeide_1.4.0/stm32cubeide/plugins/com.st.stm32cube.ide.mcu.externaltools.gnu-tools-for-stm32.9-2020-q2-update.win32_1.5.0.202011040924/tools/bin/../lib/gcc/arm-none-eabi/9.3.1/thumb/v7-m/nofp/crtbegin.o
LOAD d:/program files/stm32cubeide_1.4.0/stm32cubeide/plugins/com.st.stm32cube.ide.mcu.externaltools.gnu-tools-for-stm32.9-2020-q2-update.win32_1.5.0.202011040924/tools/bin/../lib/gcc/arm-none-eabi/9.3.1/../../../../arm-none-eabi/lib/thumb/v7-m/nofp/crt0.o
LOAD Libraries/STM32F10x_StdPeriph_Driver/src/misc.o
LOAD Libraries/STM32F10x_StdPeriph_Driver/src/stm32f10x_adc.o
LOAD Libraries/STM32F10x_StdPeriph_Driver/src/stm32f10x_bkp.o
LOAD Libraries/STM32F10x_StdPeriph_Driver/src/stm32f10x_can.o
LOAD Libraries/STM32F10x_StdPeriph_Driver/src/stm32f10x_cec.o
LOAD Libraries/STM32F10x_StdPeriph_Driver/src/stm32f10x_crc.o
LOAD Libraries/STM32F10x_StdPeriph_Driver/src/stm32f10x_dac.o
LOAD Libraries/STM32F10x_StdPeriph_Driver/src/stm32f10x_dbgmcu.o
LOAD Libraries/STM32F10x_StdPeriph_Driver/src/stm32f10x_dma.o
LOAD Libraries/STM32F10x_StdPeriph_Driver/src/stm32f10x_exti.o
LOAD Libraries/STM32F10x_StdPeriph_Driver/src/stm32f10x_flash.o
LOAD Libraries/STM32F10x_StdPeriph_Driver/src/stm32f10x_fsmc.o
LOAD Libraries/STM32F10x_StdPeriph_Driver/src/stm32f10x_gpio.o
LOAD Libraries/STM32F10x_StdPeriph_Driver/src/stm32f10x_i2c.o
LOAD Libraries/STM32F10x_StdPeriph_Driver/src/stm32f10x_iwdg.o
LOAD Libraries/STM32F10x_StdPeriph_Driver/src/stm32f10x_pwr.o
LOAD Libraries/STM32F10x_StdPeriph_Driver/src/stm32f10x_rcc.o
LOAD Libraries/STM32F10x_StdPeriph_Driver/src/stm32f10x_rtc.o
LOAD Libraries/STM32F10x_StdPeriph_Driver/src/stm32f10x_sdio.o
LOAD Libraries/STM32F10x_StdPeriph_Driver/src/stm32f10x_spi.o
LOAD Libraries/STM32F10x_StdPeriph_Driver/src/stm32f10x_tim.o
LOAD Libraries/STM32F10x_StdPeriph_Driver/src/stm32f10x_usart.o
LOAD Libraries/STM32F10x_StdPeriph_Driver/src/stm32f10x_wwdg.o
LOAD src/channel/bsp_uart.o
LOAD src/channel/chan_data.o
LOAD src/channel/chan_data_can1.o
LOAD src/common/callback_functions.o
LOAD src/common/crc16.o
LOAD src/common/timer_callback.o
LOAD src/config_device/config_par.o
LOAD src/exchange/exchange_dev.o
LOAD src/exchange/keyboard_func.o
LOAD src/main.o
LOAD src/startup_stm32f10x_md.o
LOAD src/stm32f1xx_it.o
LOAD src/system_stm32f10x.o
LOAD src/tiny_printf.o
LOAD src/protocol/modbus_func_adjust.o
LOAD src/protocol/modbus_port_adjust.o
LOAD src/sys_device/bsp_pvd.o
LOAD src/sys_device/sys_init.o
LOAD src/test/test_printf.o
LOAD src/third_protocol_dev/chan_data_uart3.o
LOAD src/virtual_device/bsp_button.o
LOAD src/virtual_device/bsp_led_7seg.o
LOAD src/virtual_device/keyboard_scan.o
LOAD src/virtual_device/pwm_control.o
LOAD src/virtual_device/rgb_led.o
LOAD src/virtual_device/state_led.o
LOAD src/virtual_device/virtual_rs485.o
START GROUP
LOAD d:/program files/stm32cubeide_1.4.0/stm32cubeide/plugins/com.st.stm32cube.ide.mcu.externaltools.gnu-tools-for-stm32.9-2020-q2-update.win32_1.5.0.202011040924/tools/bin/../lib/gcc/arm-none-eabi/9.3.1/../../../../arm-none-eabi/lib/thumb/v7-m/nofp\libc.a
LOAD d:/program files/stm32cubeide_1.4.0/stm32cubeide/plugins/com.st.stm32cube.ide.mcu.externaltools.gnu-tools-for-stm32.9-2020-q2-update.win32_1.5.0.202011040924/tools/bin/../lib/gcc/arm-none-eabi/9.3.1/../../../../arm-none-eabi/lib/thumb/v7-m/nofp\libm.a
END GROUP
START GROUP
LOAD d:/program files/stm32cubeide_1.4.0/stm32cubeide/plugins/com.st.stm32cube.ide.mcu.externaltools.gnu-tools-for-stm32.9-2020-q2-update.win32_1.5.0.202011040924/tools/bin/../lib/gcc/arm-none-eabi/9.3.1/thumb/v7-m/nofp\libgcc.a
LOAD d:/program files/stm32cubeide_1.4.0/stm32cubeide/plugins/com.st.stm32cube.ide.mcu.externaltools.gnu-tools-for-stm32.9-2020-q2-update.win32_1.5.0.202011040924/tools/bin/../lib/gcc/arm-none-eabi/9.3.1/../../../../arm-none-eabi/lib/thumb/v7-m/nofp\libc.a
END GROUP
START GROUP
LOAD d:/program files/stm32cubeide_1.4.0/stm32cubeide/plugins/com.st.stm32cube.ide.mcu.externaltools.gnu-tools-for-stm32.9-2020-q2-update.win32_1.5.0.202011040924/tools/bin/../lib/gcc/arm-none-eabi/9.3.1/thumb/v7-m/nofp\libgcc.a
LOAD d:/program files/stm32cubeide_1.4.0/stm32cubeide/plugins/com.st.stm32cube.ide.mcu.externaltools.gnu-tools-for-stm32.9-2020-q2-update.win32_1.5.0.202011040924/tools/bin/../lib/gcc/arm-none-eabi/9.3.1/../../../../arm-none-eabi/lib/thumb/v7-m/nofp\libc.a
LOAD d:/program files/stm32cubeide_1.4.0/stm32cubeide/plugins/com.st.stm32cube.ide.mcu.externaltools.gnu-tools-for-stm32.9-2020-q2-update.win32_1.5.0.202011040924/tools/bin/../lib/gcc/arm-none-eabi/9.3.1/../../../../arm-none-eabi/lib/thumb/v7-m/nofp\libnosys.a
END GROUP
LOAD d:/program files/stm32cubeide_1.4.0/stm32cubeide/plugins/com.st.stm32cube.ide.mcu.externaltools.gnu-tools-for-stm32.9-2020-q2-update.win32_1.5.0.202011040924/tools/bin/../lib/gcc/arm-none-eabi/9.3.1/thumb/v7-m/nofp/crtend.o
LOAD d:/program files/stm32cubeide_1.4.0/stm32cubeide/plugins/com.st.stm32cube.ide.mcu.externaltools.gnu-tools-for-stm32.9-2020-q2-update.win32_1.5.0.202011040924/tools/bin/../lib/gcc/arm-none-eabi/9.3.1/thumb/v7-m/nofp/crtn.o
                0x0000000020005000                _estack = 0x20005000
                0x0000000000000000                _Min_Heap_Size = 0x0
                0x0000000000000100                _Min_Stack_Size = 0x100

.isr_vector     0x0000000008002800      0x10c
                0x0000000008002800                . = ALIGN (0x4)
 *(.isr_vector)
 .isr_vector    0x0000000008002800      0x10c src/startup_stm32f10x_md.o
                0x0000000008002800                g_pfnVectors
                0x000000000800290c                . = ALIGN (0x4)

.text           0x000000000800290c     0x227c
                0x000000000800290c                . = ALIGN (0x4)
 *(.text)
 .text          0x000000000800290c       0x40 d:/program files/stm32cubeide_1.4.0/stm32cubeide/plugins/com.st.stm32cube.ide.mcu.externaltools.gnu-tools-for-stm32.9-2020-q2-update.win32_1.5.0.202011040924/tools/bin/../lib/gcc/arm-none-eabi/9.3.1/thumb/v7-m/nofp/crtbegin.o
 .text          0x000000000800294c       0x10 d:/program files/stm32cubeide_1.4.0/stm32cubeide/plugins/com.st.stm32cube.ide.mcu.externaltools.gnu-tools-for-stm32.9-2020-q2-update.win32_1.5.0.202011040924/tools/bin/../lib/gcc/arm-none-eabi/9.3.1/../../../../arm-none-eabi/lib/thumb/v7-m/nofp\libc.a(lib_a-strlen.o)
                0x000000000800294c                strlen
 *(.text*)
 .text.NVIC_PriorityGroupConfig
                0x000000000800295c       0x24 Libraries/STM32F10x_StdPeriph_Driver/src/misc.o
                0x000000000800295c                NVIC_PriorityGroupConfig
 .text.NVIC_Init
                0x0000000008002980       0xc4 Libraries/STM32F10x_StdPeriph_Driver/src/misc.o
                0x0000000008002980                NVIC_Init
 .text.NVIC_SetVectorTable
                0x0000000008002a44       0x2c Libraries/STM32F10x_StdPeriph_Driver/src/misc.o
                0x0000000008002a44                NVIC_SetVectorTable
 .text.SysTick_CLKSourceConfig
                0x0000000008002a70       0x38 Libraries/STM32F10x_StdPeriph_Driver/src/misc.o
                0x0000000008002a70                SysTick_CLKSourceConfig
 .text.CAN_Transmit
                0x0000000008002aa8      0x1a0 Libraries/STM32F10x_StdPeriph_Driver/src/stm32f10x_can.o
                0x0000000008002aa8                CAN_Transmit
 .text.CAN_Receive
                0x0000000008002c48      0x17a Libraries/STM32F10x_StdPeriph_Driver/src/stm32f10x_can.o
                0x0000000008002c48                CAN_Receive
 *fill*         0x0000000008002dc2        0x2 
 .text.CAN_ClearITPendingBit
                0x0000000008002dc4      0x1b4 Libraries/STM32F10x_StdPeriph_Driver/src/stm32f10x_can.o
                0x0000000008002dc4                CAN_ClearITPendingBit
 .text.DMA_DeInit
                0x0000000008002f78      0x178 Libraries/STM32F10x_StdPeriph_Driver/src/stm32f10x_dma.o
                0x0000000008002f78                DMA_DeInit
 .text.DMA_Init
                0x00000000080030f0       0x7c Libraries/STM32F10x_StdPeriph_Driver/src/stm32f10x_dma.o
                0x00000000080030f0                DMA_Init
 .text.DMA_Cmd  0x000000000800316c       0x38 Libraries/STM32F10x_StdPeriph_Driver/src/stm32f10x_dma.o
                0x000000000800316c                DMA_Cmd
 .text.DMA_ITConfig
                0x00000000080031a4       0x3a Libraries/STM32F10x_StdPeriph_Driver/src/stm32f10x_dma.o
                0x00000000080031a4                DMA_ITConfig
 *fill*         0x00000000080031de        0x2 
 .text.DMA_ClearFlag
                0x00000000080031e0       0x34 Libraries/STM32F10x_StdPeriph_Driver/src/stm32f10x_dma.o
                0x00000000080031e0                DMA_ClearFlag
 .text.DMA_GetITStatus
                0x0000000008003214       0x50 Libraries/STM32F10x_StdPeriph_Driver/src/stm32f10x_dma.o
                0x0000000008003214                DMA_GetITStatus
 .text.EXTI_GetITStatus
                0x0000000008003264       0x48 Libraries/STM32F10x_StdPeriph_Driver/src/stm32f10x_exti.o
                0x0000000008003264                EXTI_GetITStatus
 .text.EXTI_ClearITPendingBit
                0x00000000080032ac       0x1c Libraries/STM32F10x_StdPeriph_Driver/src/stm32f10x_exti.o
                0x00000000080032ac                EXTI_ClearITPendingBit
 .text.GPIO_Init
                0x00000000080032c8      0x178 Libraries/STM32F10x_StdPeriph_Driver/src/stm32f10x_gpio.o
                0x00000000080032c8                GPIO_Init
 .text.GPIO_ResetBits
                0x0000000008003440       0x1c Libraries/STM32F10x_StdPeriph_Driver/src/stm32f10x_gpio.o
                0x0000000008003440                GPIO_ResetBits
 .text.PWR_GetFlagStatus
                0x000000000800345c       0x34 Libraries/STM32F10x_StdPeriph_Driver/src/stm32f10x_pwr.o
                0x000000000800345c                PWR_GetFlagStatus
 .text.PWR_ClearFlag
                0x0000000008003490       0x24 Libraries/STM32F10x_StdPeriph_Driver/src/stm32f10x_pwr.o
                0x0000000008003490                PWR_ClearFlag
 .text.RCC_GetClocksFreq
                0x00000000080034b4      0x16c Libraries/STM32F10x_StdPeriph_Driver/src/stm32f10x_rcc.o
                0x00000000080034b4                RCC_GetClocksFreq
 .text.RCC_AHBPeriphClockCmd
                0x0000000008003620       0x3c Libraries/STM32F10x_StdPeriph_Driver/src/stm32f10x_rcc.o
                0x0000000008003620                RCC_AHBPeriphClockCmd
 .text.RCC_APB2PeriphClockCmd
                0x000000000800365c       0x3c Libraries/STM32F10x_StdPeriph_Driver/src/stm32f10x_rcc.o
                0x000000000800365c                RCC_APB2PeriphClockCmd
 .text.RCC_APB1PeriphClockCmd
                0x0000000008003698       0x3c Libraries/STM32F10x_StdPeriph_Driver/src/stm32f10x_rcc.o
                0x0000000008003698                RCC_APB1PeriphClockCmd
 .text.RCC_APB2PeriphResetCmd
                0x00000000080036d4       0x3c Libraries/STM32F10x_StdPeriph_Driver/src/stm32f10x_rcc.o
                0x00000000080036d4                RCC_APB2PeriphResetCmd
 .text.RCC_APB1PeriphResetCmd
                0x0000000008003710       0x3c Libraries/STM32F10x_StdPeriph_Driver/src/stm32f10x_rcc.o
                0x0000000008003710                RCC_APB1PeriphResetCmd
 .text.USART_DeInit
                0x000000000800374c       0xb8 Libraries/STM32F10x_StdPeriph_Driver/src/stm32f10x_usart.o
                0x000000000800374c                USART_DeInit
 .text.USART_Init
                0x0000000008003804      0x174 Libraries/STM32F10x_StdPeriph_Driver/src/stm32f10x_usart.o
                0x0000000008003804                USART_Init
 .text.USART_ClockInit
                0x0000000008003978       0x56 Libraries/STM32F10x_StdPeriph_Driver/src/stm32f10x_usart.o
                0x0000000008003978                USART_ClockInit
 .text.USART_Cmd
                0x00000000080039ce       0x3e Libraries/STM32F10x_StdPeriph_Driver/src/stm32f10x_usart.o
                0x00000000080039ce                USART_Cmd
 .text.USART_ITConfig
                0x0000000008003a0c       0x8e Libraries/STM32F10x_StdPeriph_Driver/src/stm32f10x_usart.o
                0x0000000008003a0c                USART_ITConfig
 .text.USART_DMACmd
                0x0000000008003a9a       0x46 Libraries/STM32F10x_StdPeriph_Driver/src/stm32f10x_usart.o
                0x0000000008003a9a                USART_DMACmd
 .text.USART_ReceiveData
                0x0000000008003ae0       0x1e Libraries/STM32F10x_StdPeriph_Driver/src/stm32f10x_usart.o
                0x0000000008003ae0                USART_ReceiveData
 .text.USART_GetITStatus
                0x0000000008003afe       0xb4 Libraries/STM32F10x_StdPeriph_Driver/src/stm32f10x_usart.o
                0x0000000008003afe                USART_GetITStatus
 .text.USART_ClearITPendingBit
                0x0000000008003bb2       0x38 Libraries/STM32F10x_StdPeriph_Driver/src/stm32f10x_usart.o
                0x0000000008003bb2                USART_ClearITPendingBit
 *fill*         0x0000000008003bea        0x2 
 .text._write   0x0000000008003bec       0x50 src/channel/bsp_uart.o
                0x0000000008003bec                _write
 .text.RCC_Configuration
                0x0000000008003c3c       0x2c src/channel/bsp_uart.o
 .text.NVIC_Configuration
                0x0000000008003c68       0x3e src/channel/bsp_uart.o
 *fill*         0x0000000008003ca6        0x2 
 .text.GPIO_Configuration
                0x0000000008003ca8       0x40 src/channel/bsp_uart.o
 .text.UART_Configuration
                0x0000000008003ce8      0x138 src/channel/bsp_uart.o
 .text.UART_DMA_Tx_Config
                0x0000000008003e20       0x86 src/channel/bsp_uart.o
 *fill*         0x0000000008003ea6        0x2 
 .text.uart_isr
                0x0000000008003ea8       0xf8 src/channel/bsp_uart.o
 .text.dma_isr  0x0000000008003fa0       0x7c src/channel/bsp_uart.o
 .text.USART1_IRQHandler
                0x000000000800401c       0x14 src/channel/bsp_uart.o
                0x000000000800401c                USART1_IRQHandler
 .text.DMA1_Channel4_IRQHandler
                0x0000000008004030       0x14 src/channel/bsp_uart.o
                0x0000000008004030                DMA1_Channel4_IRQHandler
 .text.__get_duartx
                0x0000000008004044       0x28 src/channel/bsp_uart.o
                0x0000000008004044                __get_duartx
 .text.__uart_setflag
                0x000000000800406c       0x68 src/channel/bsp_uart.o
                0x000000000800406c                __uart_setflag
 .text.uart_getFlagStatus
                0x00000000080040d4       0x90 src/channel/bsp_uart.o
                0x00000000080040d4                uart_getFlagStatus
 .text.Hw_Uart_Init
                0x0000000008004164       0x40 src/channel/bsp_uart.o
                0x0000000008004164                Hw_Uart_Init
 .text.USB_HP_CAN1_TX_IRQHandler
                0x00000000080041a4      0x104 src/channel/chan_data_can1.o
                0x00000000080041a4                USB_HP_CAN1_TX_IRQHandler
 .text.USB_LP_CAN1_RX0_IRQHandler
                0x00000000080042a8      0x2ac src/channel/chan_data_can1.o
                0x00000000080042a8                USB_LP_CAN1_RX0_IRQHandler
 .text.Get_Config_data
                0x0000000008004554       0x14 src/config_device/config_par.o
                0x0000000008004554                Get_Config_data
 .text.exchange_dev_init
                0x0000000008004568        0xc src/exchange/exchange_dev.o
                0x0000000008004568                exchange_dev_init
 .text.main     0x0000000008004574       0x54 src/main.o
                0x0000000008004574                main
 .text.Reset_Handler
                0x00000000080045c8       0x50 src/startup_stm32f10x_md.o
                0x00000000080045c8                Reset_Handler
 .text.Default_Handler
                0x0000000008004618        0x2 src/startup_stm32f10x_md.o
                0x0000000008004618                EXTI2_IRQHandler
                0x0000000008004618                TIM1_CC_IRQHandler
                0x0000000008004618                EXTI3_IRQHandler
                0x0000000008004618                EXTI0_IRQHandler
                0x0000000008004618                I2C2_EV_IRQHandler
                0x0000000008004618                ADC1_2_IRQHandler
                0x0000000008004618                SPI1_IRQHandler
                0x0000000008004618                TAMPER_IRQHandler
                0x0000000008004618                RTC_IRQHandler
                0x0000000008004618                DMA1_Channel7_IRQHandler
                0x0000000008004618                CAN1_RX1_IRQHandler
                0x0000000008004618                TIM4_IRQHandler
                0x0000000008004618                I2C1_EV_IRQHandler
                0x0000000008004618                DMA1_Channel6_IRQHandler
                0x0000000008004618                TIM3_IRQHandler
                0x0000000008004618                RCC_IRQHandler
                0x0000000008004618                TIM1_TRG_COM_IRQHandler
                0x0000000008004618                DMA1_Channel1_IRQHandler
                0x0000000008004618                Default_Handler
                0x0000000008004618                EXTI15_10_IRQHandler
                0x0000000008004618                EXTI9_5_IRQHandler
                0x0000000008004618                SPI2_IRQHandler
                0x0000000008004618                DMA1_Channel5_IRQHandler
                0x0000000008004618                EXTI4_IRQHandler
                0x0000000008004618                DMA1_Channel3_IRQHandler
                0x0000000008004618                TIM1_UP_IRQHandler
                0x0000000008004618                WWDG_IRQHandler
                0x0000000008004618                TIM2_IRQHandler
                0x0000000008004618                TIM1_BRK_IRQHandler
                0x0000000008004618                EXTI1_IRQHandler
                0x0000000008004618                RTCAlarm_IRQHandler
                0x0000000008004618                USART2_IRQHandler
                0x0000000008004618                I2C2_ER_IRQHandler
                0x0000000008004618                CAN1_SCE_IRQHandler
                0x0000000008004618                FLASH_IRQHandler
                0x0000000008004618                I2C1_ER_IRQHandler
                0x0000000008004618                USBWakeUp_IRQHandler
 .text.NMI_Handler
                0x000000000800461a        0xc src/stm32f1xx_it.o
                0x000000000800461a                NMI_Handler
 .text.HardFault_Handler
                0x0000000008004626        0x6 src/stm32f1xx_it.o
                0x0000000008004626                HardFault_Handler
 .text.MemManage_Handler
                0x000000000800462c        0x6 src/stm32f1xx_it.o
                0x000000000800462c                MemManage_Handler
 .text.BusFault_Handler
                0x0000000008004632        0x6 src/stm32f1xx_it.o
                0x0000000008004632                BusFault_Handler
 .text.UsageFault_Handler
                0x0000000008004638        0x6 src/stm32f1xx_it.o
                0x0000000008004638                UsageFault_Handler
 .text.SVC_Handler
                0x000000000800463e        0xc src/stm32f1xx_it.o
                0x000000000800463e                SVC_Handler
 .text.DebugMon_Handler
                0x000000000800464a        0xc src/stm32f1xx_it.o
                0x000000000800464a                DebugMon_Handler
 .text.PendSV_Handler
                0x0000000008004656        0xc src/stm32f1xx_it.o
                0x0000000008004656                PendSV_Handler
 *fill*         0x0000000008004662        0x2 
 .text.SystemInit
                0x0000000008004664       0x68 src/system_stm32f10x.o
                0x0000000008004664                SystemInit
 .text.SetSysClock
                0x00000000080046cc        0xc src/system_stm32f10x.o
 .text.SetSysClockTo72
                0x00000000080046d8      0x100 src/system_stm32f10x.o
 .text.puts     0x00000000080047d8       0x58 src/tiny_printf.o
                0x00000000080047d8                puts
 .text.PVD_IRQHandler
                0x0000000008004830       0x30 src/sys_device/bsp_pvd.o
                0x0000000008004830                PVD_IRQHandler
 .text.NVIC_SetPriority
                0x0000000008004860       0x54 src/sys_device/sys_init.o
 .text.SysTick_Config
                0x00000000080048b4       0x44 src/sys_device/sys_init.o
 .text.Sys_NVIC_Init
                0x00000000080048f8       0x1c src/sys_device/sys_init.o
                0x00000000080048f8                Sys_NVIC_Init
 .text.sys_init_base
                0x0000000008004914       0x1c src/sys_device/sys_init.o
                0x0000000008004914                sys_init_base
 .text.SysTick_Handler
                0x0000000008004930        0xc src/sys_device/sys_init.o
                0x0000000008004930                SysTick_Handler
 .text.USART3_IRQHandler
                0x000000000800493c       0xec src/third_protocol_dev/chan_data_uart3.o
                0x000000000800493c                USART3_IRQHandler
 .text.DMA1_Channel2_IRQHandler
                0x0000000008004a28       0x34 src/third_protocol_dev/chan_data_uart3.o
                0x0000000008004a28                DMA1_Channel2_IRQHandler
 .text.__libc_init_array
                0x0000000008004a5c       0x48 d:/program files/stm32cubeide_1.4.0/stm32cubeide/plugins/com.st.stm32cube.ide.mcu.externaltools.gnu-tools-for-stm32.9-2020-q2-update.win32_1.5.0.202011040924/tools/bin/../lib/gcc/arm-none-eabi/9.3.1/../../../../arm-none-eabi/lib/thumb/v7-m/nofp\libc.a(lib_a-init.o)
                0x0000000008004a5c                __libc_init_array
 .text.startup.register_fini
                0x0000000008004aa4       0x14 d:/program files/stm32cubeide_1.4.0/stm32cubeide/plugins/com.st.stm32cube.ide.mcu.externaltools.gnu-tools-for-stm32.9-2020-q2-update.win32_1.5.0.202011040924/tools/bin/../lib/gcc/arm-none-eabi/9.3.1/../../../../arm-none-eabi/lib/thumb/v7-m/nofp\libc.a(lib_a-__call_atexit.o)
 .text.atexit   0x0000000008004ab8        0xc d:/program files/stm32cubeide_1.4.0/stm32cubeide/plugins/com.st.stm32cube.ide.mcu.externaltools.gnu-tools-for-stm32.9-2020-q2-update.win32_1.5.0.202011040924/tools/bin/../lib/gcc/arm-none-eabi/9.3.1/../../../../arm-none-eabi/lib/thumb/v7-m/nofp\libc.a(lib_a-atexit.o)
                0x0000000008004ab8                atexit
 .text.__libc_fini_array
                0x0000000008004ac4       0x28 d:/program files/stm32cubeide_1.4.0/stm32cubeide/plugins/com.st.stm32cube.ide.mcu.externaltools.gnu-tools-for-stm32.9-2020-q2-update.win32_1.5.0.202011040924/tools/bin/../lib/gcc/arm-none-eabi/9.3.1/../../../../arm-none-eabi/lib/thumb/v7-m/nofp\libc.a(lib_a-fini.o)
                0x0000000008004ac4                __libc_fini_array
 .text.__retarget_lock_acquire_recursive
                0x0000000008004aec        0x2 d:/program files/stm32cubeide_1.4.0/stm32cubeide/plugins/com.st.stm32cube.ide.mcu.externaltools.gnu-tools-for-stm32.9-2020-q2-update.win32_1.5.0.202011040924/tools/bin/../lib/gcc/arm-none-eabi/9.3.1/../../../../arm-none-eabi/lib/thumb/v7-m/nofp\libc.a(lib_a-lock.o)
                0x0000000008004aec                __retarget_lock_acquire_recursive
 .text.__retarget_lock_release_recursive
                0x0000000008004aee        0x2 d:/program files/stm32cubeide_1.4.0/stm32cubeide/plugins/com.st.stm32cube.ide.mcu.externaltools.gnu-tools-for-stm32.9-2020-q2-update.win32_1.5.0.202011040924/tools/bin/../lib/gcc/arm-none-eabi/9.3.1/../../../../arm-none-eabi/lib/thumb/v7-m/nofp\libc.a(lib_a-lock.o)
                0x0000000008004aee                __retarget_lock_release_recursive
 .text.__register_exitproc
                0x0000000008004af0       0x80 d:/program files/stm32cubeide_1.4.0/stm32cubeide/plugins/com.st.stm32cube.ide.mcu.externaltools.gnu-tools-for-stm32.9-2020-q2-update.win32_1.5.0.202011040924/tools/bin/../lib/gcc/arm-none-eabi/9.3.1/../../../../arm-none-eabi/lib/thumb/v7-m/nofp\libc.a(lib_a-__atexit.o)
                0x0000000008004af0                __register_exitproc
 *(.glue_7)
 .glue_7        0x0000000008004b70        0x0 linker stubs
 *(.glue_7t)
 .glue_7t       0x0000000008004b70        0x0 linker stubs
 *(.eh_frame)
 .eh_frame      0x0000000008004b70        0x0 d:/program files/stm32cubeide_1.4.0/stm32cubeide/plugins/com.st.stm32cube.ide.mcu.externaltools.gnu-tools-for-stm32.9-2020-q2-update.win32_1.5.0.202011040924/tools/bin/../lib/gcc/arm-none-eabi/9.3.1/thumb/v7-m/nofp/crtbegin.o
 *(.init)
 .init          0x0000000008004b70        0x4 d:/program files/stm32cubeide_1.4.0/stm32cubeide/plugins/com.st.stm32cube.ide.mcu.externaltools.gnu-tools-for-stm32.9-2020-q2-update.win32_1.5.0.202011040924/tools/bin/../lib/gcc/arm-none-eabi/9.3.1/thumb/v7-m/nofp/crti.o
                0x0000000008004b70                _init
 .init          0x0000000008004b74        0x8 d:/program files/stm32cubeide_1.4.0/stm32cubeide/plugins/com.st.stm32cube.ide.mcu.externaltools.gnu-tools-for-stm32.9-2020-q2-update.win32_1.5.0.202011040924/tools/bin/../lib/gcc/arm-none-eabi/9.3.1/thumb/v7-m/nofp/crtn.o
 *(.fini)
 .fini          0x0000000008004b7c        0x4 d:/program files/stm32cubeide_1.4.0/stm32cubeide/plugins/com.st.stm32cube.ide.mcu.externaltools.gnu-tools-for-stm32.9-2020-q2-update.win32_1.5.0.202011040924/tools/bin/../lib/gcc/arm-none-eabi/9.3.1/thumb/v7-m/nofp/crti.o
                0x0000000008004b7c                _fini
 .fini          0x0000000008004b80        0x8 d:/program files/stm32cubeide_1.4.0/stm32cubeide/plugins/com.st.stm32cube.ide.mcu.externaltools.gnu-tools-for-stm32.9-2020-q2-update.win32_1.5.0.202011040924/tools/bin/../lib/gcc/arm-none-eabi/9.3.1/thumb/v7-m/nofp/crtn.o
                0x0000000008004b88                . = ALIGN (0x4)
                0x0000000008004b88                _etext = .

.vfp11_veneer   0x0000000008004b88        0x0
 .vfp11_veneer  0x0000000008004b88        0x0 linker stubs

.v4_bx          0x0000000008004b88        0x0
 .v4_bx         0x0000000008004b88        0x0 linker stubs

.iplt           0x0000000008004b88        0x0
 .iplt          0x0000000008004b88        0x0 d:/program files/stm32cubeide_1.4.0/stm32cubeide/plugins/com.st.stm32cube.ide.mcu.externaltools.gnu-tools-for-stm32.9-2020-q2-update.win32_1.5.0.202011040924/tools/bin/../lib/gcc/arm-none-eabi/9.3.1/thumb/v7-m/nofp/crtbegin.o

.rodata         0x0000000008004b88       0xac
                0x0000000008004b88                . = ALIGN (0x4)
 *(.rodata)
 .rodata        0x0000000008004b88       0xa1 src/main.o
 *fill*         0x0000000008004c29        0x3 
 .rodata        0x0000000008004c2c        0x2 src/tiny_printf.o
 *(.rodata*)
 *fill*         0x0000000008004c2e        0x2 
 .rodata._global_impure_ptr
                0x0000000008004c30        0x4 d:/program files/stm32cubeide_1.4.0/stm32cubeide/plugins/com.st.stm32cube.ide.mcu.externaltools.gnu-tools-for-stm32.9-2020-q2-update.win32_1.5.0.202011040924/tools/bin/../lib/gcc/arm-none-eabi/9.3.1/../../../../arm-none-eabi/lib/thumb/v7-m/nofp\libc.a(lib_a-impure.o)
                0x0000000008004c30                _global_impure_ptr
                0x0000000008004c34                . = ALIGN (0x4)

.rel.dyn        0x0000000008004c34        0x0
 .rel.iplt      0x0000000008004c34        0x0 d:/program files/stm32cubeide_1.4.0/stm32cubeide/plugins/com.st.stm32cube.ide.mcu.externaltools.gnu-tools-for-stm32.9-2020-q2-update.win32_1.5.0.202011040924/tools/bin/../lib/gcc/arm-none-eabi/9.3.1/thumb/v7-m/nofp/crtbegin.o

.ARM.extab
 *(.ARM.extab* .gnu.linkonce.armextab.*)

.ARM            0x0000000008004c34        0x0
                0x0000000008004c34                __exidx_start = .
 *(.ARM.exidx*)
                0x0000000008004c34                __exidx_end = .

.preinit_array  0x0000000008004c34        0x0
                0x0000000008004c34                PROVIDE (__preinit_array_start = .)
 *(.preinit_array*)
                0x0000000008004c34                PROVIDE (__preinit_array_end = .)

.init_array     0x0000000008004c34        0x8
                0x0000000008004c34                PROVIDE (__init_array_start = .)
 *(SORT_BY_NAME(.init_array.*))
 .init_array.00000
                0x0000000008004c34        0x4 d:/program files/stm32cubeide_1.4.0/stm32cubeide/plugins/com.st.stm32cube.ide.mcu.externaltools.gnu-tools-for-stm32.9-2020-q2-update.win32_1.5.0.202011040924/tools/bin/../lib/gcc/arm-none-eabi/9.3.1/../../../../arm-none-eabi/lib/thumb/v7-m/nofp\libc.a(lib_a-__call_atexit.o)
 *(.init_array*)
 .init_array    0x0000000008004c38        0x4 d:/program files/stm32cubeide_1.4.0/stm32cubeide/plugins/com.st.stm32cube.ide.mcu.externaltools.gnu-tools-for-stm32.9-2020-q2-update.win32_1.5.0.202011040924/tools/bin/../lib/gcc/arm-none-eabi/9.3.1/thumb/v7-m/nofp/crtbegin.o
                0x0000000008004c3c                PROVIDE (__init_array_end = .)

.fini_array     0x0000000008004c3c        0x4
                0x0000000008004c3c                PROVIDE (__fini_array_start = .)
 *(SORT_BY_NAME(.fini_array.*))
 *(.fini_array*)
 .fini_array    0x0000000008004c3c        0x4 d:/program files/stm32cubeide_1.4.0/stm32cubeide/plugins/com.st.stm32cube.ide.mcu.externaltools.gnu-tools-for-stm32.9-2020-q2-update.win32_1.5.0.202011040924/tools/bin/../lib/gcc/arm-none-eabi/9.3.1/thumb/v7-m/nofp/crtbegin.o
                0x0000000008004c40                PROVIDE (__fini_array_end = .)
                0x0000000008004c40                _sidata = LOADADDR (.data)

.data           0x0000000020000000      0x544 load address 0x0000000008004c40
                0x0000000020000000                . = ALIGN (0x4)
                0x0000000020000000                _sdata = .
 *(.data)
 *(.data*)
 .data.APBAHBPrescTable
                0x0000000020000000       0x10 Libraries/STM32F10x_StdPeriph_Driver/src/stm32f10x_rcc.o
 .data.ADCPrescTable
                0x0000000020000010        0x4 Libraries/STM32F10x_StdPeriph_Driver/src/stm32f10x_rcc.o
 .data.config1  0x0000000020000014        0x8 src/channel/bsp_uart.o
                0x0000000020000014                config1
 .data.uart1    0x000000002000001c       0x18 src/channel/bsp_uart.o
                0x000000002000001c                uart1
 .data.duart1   0x0000000020000034       0xe0 src/channel/bsp_uart.o
                0x0000000020000034                duart1
 *fill*         0x0000000020000114        0x4 
 .data.impure_data
                0x0000000020000118      0x428 d:/program files/stm32cubeide_1.4.0/stm32cubeide/plugins/com.st.stm32cube.ide.mcu.externaltools.gnu-tools-for-stm32.9-2020-q2-update.win32_1.5.0.202011040924/tools/bin/../lib/gcc/arm-none-eabi/9.3.1/../../../../arm-none-eabi/lib/thumb/v7-m/nofp\libc.a(lib_a-impure.o)
 .data.__atexit_recursive_mutex
                0x0000000020000540        0x4 d:/program files/stm32cubeide_1.4.0/stm32cubeide/plugins/com.st.stm32cube.ide.mcu.externaltools.gnu-tools-for-stm32.9-2020-q2-update.win32_1.5.0.202011040924/tools/bin/../lib/gcc/arm-none-eabi/9.3.1/../../../../arm-none-eabi/lib/thumb/v7-m/nofp\libc.a(lib_a-__call_atexit.o)
                0x0000000020000540                __atexit_recursive_mutex
                0x0000000020000544                . = ALIGN (0x4)
                0x0000000020000544                _edata = .

.igot.plt       0x0000000020000544        0x0 load address 0x0000000008005184
 .igot.plt      0x0000000020000544        0x0 d:/program files/stm32cubeide_1.4.0/stm32cubeide/plugins/com.st.stm32cube.ide.mcu.externaltools.gnu-tools-for-stm32.9-2020-q2-update.win32_1.5.0.202011040924/tools/bin/../lib/gcc/arm-none-eabi/9.3.1/thumb/v7-m/nofp/crtbegin.o
                0x0000000020000544                . = ALIGN (0x4)

.bss            0x0000000020000544      0x3e4 load address 0x0000000008005184
                0x0000000020000544                _sbss = .
                0x0000000020000544                __bss_start__ = _sbss
 *(.bss)
 .bss           0x0000000020000544       0x1c d:/program files/stm32cubeide_1.4.0/stm32cubeide/plugins/com.st.stm32cube.ide.mcu.externaltools.gnu-tools-for-stm32.9-2020-q2-update.win32_1.5.0.202011040924/tools/bin/../lib/gcc/arm-none-eabi/9.3.1/thumb/v7-m/nofp/crtbegin.o
 *(.bss*)
 *(COMMON)
 COMMON         0x0000000020000560      0x294 src/channel/chan_data_can1.o
                0x0000000020000560                CAN1_Receive
                0x00000000200005e4                CAN1_Send
                0x0000000020000668                CAN1_Receive_Buf
 COMMON         0x00000000200007f4       0x20 src/config_device/config_par.o
                0x00000000200007f4                STM32_ID
                0x0000000020000800                Config_Data
 COMMON         0x0000000020000814      0x108 src/third_protocol_dev/chan_data_uart3.o
                0x0000000020000814                USART3_Receive
                0x0000000020000898                USART3_Send
 COMMON         0x000000002000091c        0x9 d:/program files/stm32cubeide_1.4.0/stm32cubeide/plugins/com.st.stm32cube.ide.mcu.externaltools.gnu-tools-for-stm32.9-2020-q2-update.win32_1.5.0.202011040924/tools/bin/../lib/gcc/arm-none-eabi/9.3.1/../../../../arm-none-eabi/lib/thumb/v7-m/nofp\libc.a(lib_a-lock.o)
                0x000000002000091c                __lock___atexit_recursive_mutex
                0x000000002000091d                __lock___arc4random_mutex
                0x000000002000091e                __lock___env_recursive_mutex
                0x000000002000091f                __lock___sinit_recursive_mutex
                0x0000000020000920                __lock___malloc_recursive_mutex
                0x0000000020000921                __lock___at_quick_exit_mutex
                0x0000000020000922                __lock___dd_hash_mutex
                0x0000000020000923                __lock___tz_mutex
                0x0000000020000924                __lock___sfp_recursive_mutex
                0x0000000020000928                . = ALIGN (0x4)
 *fill*         0x0000000020000925        0x3 
                0x0000000020000928                _ebss = .
                0x0000000020000928                __bss_end__ = _ebss

._user_heap_stack
                0x0000000020000928      0x100 load address 0x0000000008005184
                0x0000000020000928                . = ALIGN (0x4)
                0x0000000020000928                PROVIDE (end = .)
                [!provide]                        PROVIDE (_end = .)
                0x0000000020000928                . = (. + _Min_Heap_Size)
                0x0000000020000a28                . = (. + _Min_Stack_Size)
 *fill*         0x0000000020000928      0x100 
                0x0000000020000a28                . = ALIGN (0x4)

.memory_b1_text
 *(.mb1text)
 *(.mb1text*)
 *(.mb1rodata)
 *(.mb1rodata*)

/DISCARD/
 libc.a(*)
 libm.a(*)
 libgcc.a(*)

.ARM.attributes
                0x0000000000000000       0x29
 *(.ARM.attributes)
 .ARM.attributes
                0x0000000000000000       0x1d d:/program files/stm32cubeide_1.4.0/stm32cubeide/plugins/com.st.stm32cube.ide.mcu.externaltools.gnu-tools-for-stm32.9-2020-q2-update.win32_1.5.0.202011040924/tools/bin/../lib/gcc/arm-none-eabi/9.3.1/thumb/v7-m/nofp/crti.o
 .ARM.attributes
                0x000000000000001d       0x2d d:/program files/stm32cubeide_1.4.0/stm32cubeide/plugins/com.st.stm32cube.ide.mcu.externaltools.gnu-tools-for-stm32.9-2020-q2-update.win32_1.5.0.202011040924/tools/bin/../lib/gcc/arm-none-eabi/9.3.1/thumb/v7-m/nofp/crtbegin.o
 .ARM.attributes
                0x000000000000004a       0x2d Libraries/STM32F10x_StdPeriph_Driver/src/misc.o
 .ARM.attributes
                0x0000000000000077       0x2d Libraries/STM32F10x_StdPeriph_Driver/src/stm32f10x_can.o
 .ARM.attributes
                0x00000000000000a4       0x2d Libraries/STM32F10x_StdPeriph_Driver/src/stm32f10x_dma.o
 .ARM.attributes
                0x00000000000000d1       0x2d Libraries/STM32F10x_StdPeriph_Driver/src/stm32f10x_exti.o
 .ARM.attributes
                0x00000000000000fe       0x2d Libraries/STM32F10x_StdPeriph_Driver/src/stm32f10x_gpio.o
 .ARM.attributes
                0x000000000000012b       0x2d Libraries/STM32F10x_StdPeriph_Driver/src/stm32f10x_pwr.o
 .ARM.attributes
                0x0000000000000158       0x2d Libraries/STM32F10x_StdPeriph_Driver/src/stm32f10x_rcc.o
 .ARM.attributes
                0x0000000000000185       0x2d Libraries/STM32F10x_StdPeriph_Driver/src/stm32f10x_usart.o
 .ARM.attributes
                0x00000000000001b2       0x2d src/channel/bsp_uart.o
 .ARM.attributes
                0x00000000000001df       0x2d src/channel/chan_data_can1.o
 .ARM.attributes
                0x000000000000020c       0x2d src/config_device/config_par.o
 .ARM.attributes
                0x0000000000000239       0x2d src/exchange/exchange_dev.o
 .ARM.attributes
                0x0000000000000266       0x2d src/main.o
 .ARM.attributes
                0x0000000000000293       0x21 src/startup_stm32f10x_md.o
 .ARM.attributes
                0x00000000000002b4       0x2d src/stm32f1xx_it.o
 .ARM.attributes
                0x00000000000002e1       0x2d src/system_stm32f10x.o
 .ARM.attributes
                0x000000000000030e       0x2d src/tiny_printf.o
 .ARM.attributes
                0x000000000000033b       0x2d src/sys_device/bsp_pvd.o
 .ARM.attributes
                0x0000000000000368       0x2d src/sys_device/sys_init.o
 .ARM.attributes
                0x0000000000000395       0x2d src/third_protocol_dev/chan_data_uart3.o
 .ARM.attributes
                0x00000000000003c2       0x2d d:/program files/stm32cubeide_1.4.0/stm32cubeide/plugins/com.st.stm32cube.ide.mcu.externaltools.gnu-tools-for-stm32.9-2020-q2-update.win32_1.5.0.202011040924/tools/bin/../lib/gcc/arm-none-eabi/9.3.1/../../../../arm-none-eabi/lib/thumb/v7-m/nofp\libc.a(lib_a-impure.o)
 .ARM.attributes
                0x00000000000003ef       0x2d d:/program files/stm32cubeide_1.4.0/stm32cubeide/plugins/com.st.stm32cube.ide.mcu.externaltools.gnu-tools-for-stm32.9-2020-q2-update.win32_1.5.0.202011040924/tools/bin/../lib/gcc/arm-none-eabi/9.3.1/../../../../arm-none-eabi/lib/thumb/v7-m/nofp\libc.a(lib_a-init.o)
 .ARM.attributes
                0x000000000000041c       0x17 d:/program files/stm32cubeide_1.4.0/stm32cubeide/plugins/com.st.stm32cube.ide.mcu.externaltools.gnu-tools-for-stm32.9-2020-q2-update.win32_1.5.0.202011040924/tools/bin/../lib/gcc/arm-none-eabi/9.3.1/../../../../arm-none-eabi/lib/thumb/v7-m/nofp\libc.a(lib_a-strlen.o)
 .ARM.attributes
                0x0000000000000433       0x2d d:/program files/stm32cubeide_1.4.0/stm32cubeide/plugins/com.st.stm32cube.ide.mcu.externaltools.gnu-tools-for-stm32.9-2020-q2-update.win32_1.5.0.202011040924/tools/bin/../lib/gcc/arm-none-eabi/9.3.1/../../../../arm-none-eabi/lib/thumb/v7-m/nofp\libc.a(lib_a-__call_atexit.o)
 .ARM.attributes
                0x0000000000000460       0x2d d:/program files/stm32cubeide_1.4.0/stm32cubeide/plugins/com.st.stm32cube.ide.mcu.externaltools.gnu-tools-for-stm32.9-2020-q2-update.win32_1.5.0.202011040924/tools/bin/../lib/gcc/arm-none-eabi/9.3.1/../../../../arm-none-eabi/lib/thumb/v7-m/nofp\libc.a(lib_a-atexit.o)
 .ARM.attributes
                0x000000000000048d       0x2d d:/program files/stm32cubeide_1.4.0/stm32cubeide/plugins/com.st.stm32cube.ide.mcu.externaltools.gnu-tools-for-stm32.9-2020-q2-update.win32_1.5.0.202011040924/tools/bin/../lib/gcc/arm-none-eabi/9.3.1/../../../../arm-none-eabi/lib/thumb/v7-m/nofp\libc.a(lib_a-fini.o)
 .ARM.attributes
                0x00000000000004ba       0x2d d:/program files/stm32cubeide_1.4.0/stm32cubeide/plugins/com.st.stm32cube.ide.mcu.externaltools.gnu-tools-for-stm32.9-2020-q2-update.win32_1.5.0.202011040924/tools/bin/../lib/gcc/arm-none-eabi/9.3.1/../../../../arm-none-eabi/lib/thumb/v7-m/nofp\libc.a(lib_a-lock.o)
 .ARM.attributes
                0x00000000000004e7       0x2d d:/program files/stm32cubeide_1.4.0/stm32cubeide/plugins/com.st.stm32cube.ide.mcu.externaltools.gnu-tools-for-stm32.9-2020-q2-update.win32_1.5.0.202011040924/tools/bin/../lib/gcc/arm-none-eabi/9.3.1/../../../../arm-none-eabi/lib/thumb/v7-m/nofp\libc.a(lib_a-__atexit.o)
 .ARM.attributes
                0x0000000000000514       0x1d d:/program files/stm32cubeide_1.4.0/stm32cubeide/plugins/com.st.stm32cube.ide.mcu.externaltools.gnu-tools-for-stm32.9-2020-q2-update.win32_1.5.0.202011040924/tools/bin/../lib/gcc/arm-none-eabi/9.3.1/thumb/v7-m/nofp/crtn.o
OUTPUT(OneCM_App.elf elf32-littlearm)
LOAD linker stubs
LOAD d:/program files/stm32cubeide_1.4.0/stm32cubeide/plugins/com.st.stm32cube.ide.mcu.externaltools.gnu-tools-for-stm32.9-2020-q2-update.win32_1.5.0.202011040924/tools/bin/../lib/gcc/arm-none-eabi/9.3.1/../../../../arm-none-eabi/lib/thumb/v7-m/nofp\libc.a
LOAD d:/program files/stm32cubeide_1.4.0/stm32cubeide/plugins/com.st.stm32cube.ide.mcu.externaltools.gnu-tools-for-stm32.9-2020-q2-update.win32_1.5.0.202011040924/tools/bin/../lib/gcc/arm-none-eabi/9.3.1/../../../../arm-none-eabi/lib/thumb/v7-m/nofp\libm.a
LOAD d:/program files/stm32cubeide_1.4.0/stm32cubeide/plugins/com.st.stm32cube.ide.mcu.externaltools.gnu-tools-for-stm32.9-2020-q2-update.win32_1.5.0.202011040924/tools/bin/../lib/gcc/arm-none-eabi/9.3.1/thumb/v7-m/nofp\libgcc.a

.comment        0x0000000000000000       0x53
 .comment       0x0000000000000000       0x53 Libraries/STM32F10x_StdPeriph_Driver/src/misc.o
                                         0x54 (size before relaxing)
 .comment       0x0000000000000053       0x54 Libraries/STM32F10x_StdPeriph_Driver/src/stm32f10x_can.o
 .comment       0x0000000000000053       0x54 Libraries/STM32F10x_StdPeriph_Driver/src/stm32f10x_dma.o
 .comment       0x0000000000000053       0x54 Libraries/STM32F10x_StdPeriph_Driver/src/stm32f10x_exti.o
 .comment       0x0000000000000053       0x54 Libraries/STM32F10x_StdPeriph_Driver/src/stm32f10x_gpio.o
 .comment       0x0000000000000053       0x54 Libraries/STM32F10x_StdPeriph_Driver/src/stm32f10x_pwr.o
 .comment       0x0000000000000053       0x54 Libraries/STM32F10x_StdPeriph_Driver/src/stm32f10x_rcc.o
 .comment       0x0000000000000053       0x54 Libraries/STM32F10x_StdPeriph_Driver/src/stm32f10x_usart.o
 .comment       0x0000000000000053       0x54 src/channel/bsp_uart.o
 .comment       0x0000000000000053       0x54 src/channel/chan_data_can1.o
 .comment       0x0000000000000053       0x54 src/config_device/config_par.o
 .comment       0x0000000000000053       0x54 src/exchange/exchange_dev.o
 .comment       0x0000000000000053       0x54 src/main.o
 .comment       0x0000000000000053       0x54 src/stm32f1xx_it.o
 .comment       0x0000000000000053       0x54 src/system_stm32f10x.o
 .comment       0x0000000000000053       0x54 src/tiny_printf.o
 .comment       0x0000000000000053       0x54 src/sys_device/bsp_pvd.o
 .comment       0x0000000000000053       0x54 src/sys_device/sys_init.o
 .comment       0x0000000000000053       0x54 src/third_protocol_dev/chan_data_uart3.o

.debug_frame    0x0000000000000000      0x1c0
 .debug_frame   0x0000000000000000       0x2c d:/program files/stm32cubeide_1.4.0/stm32cubeide/plugins/com.st.stm32cube.ide.mcu.externaltools.gnu-tools-for-stm32.9-2020-q2-update.win32_1.5.0.202011040924/tools/bin/../lib/gcc/arm-none-eabi/9.3.1/../../../../arm-none-eabi/lib/thumb/v7-m/nofp\libc.a(lib_a-init.o)
 .debug_frame   0x000000000000002c       0x58 d:/program files/stm32cubeide_1.4.0/stm32cubeide/plugins/com.st.stm32cube.ide.mcu.externaltools.gnu-tools-for-stm32.9-2020-q2-update.win32_1.5.0.202011040924/tools/bin/../lib/gcc/arm-none-eabi/9.3.1/../../../../arm-none-eabi/lib/thumb/v7-m/nofp\libc.a(lib_a-__call_atexit.o)
 .debug_frame   0x0000000000000084       0x20 d:/program files/stm32cubeide_1.4.0/stm32cubeide/plugins/com.st.stm32cube.ide.mcu.externaltools.gnu-tools-for-stm32.9-2020-q2-update.win32_1.5.0.202011040924/tools/bin/../lib/gcc/arm-none-eabi/9.3.1/../../../../arm-none-eabi/lib/thumb/v7-m/nofp\libc.a(lib_a-atexit.o)
 .debug_frame   0x00000000000000a4       0x38 d:/program files/stm32cubeide_1.4.0/stm32cubeide/plugins/com.st.stm32cube.ide.mcu.externaltools.gnu-tools-for-stm32.9-2020-q2-update.win32_1.5.0.202011040924/tools/bin/../lib/gcc/arm-none-eabi/9.3.1/../../../../arm-none-eabi/lib/thumb/v7-m/nofp\libc.a(lib_a-fini.o)
 .debug_frame   0x00000000000000dc       0xb0 d:/program files/stm32cubeide_1.4.0/stm32cubeide/plugins/com.st.stm32cube.ide.mcu.externaltools.gnu-tools-for-stm32.9-2020-q2-update.win32_1.5.0.202011040924/tools/bin/../lib/gcc/arm-none-eabi/9.3.1/../../../../arm-none-eabi/lib/thumb/v7-m/nofp\libc.a(lib_a-lock.o)
 .debug_frame   0x000000000000018c       0x34 d:/program files/stm32cubeide_1.4.0/stm32cubeide/plugins/com.st.stm32cube.ide.mcu.externaltools.gnu-tools-for-stm32.9-2020-q2-update.win32_1.5.0.202011040924/tools/bin/../lib/gcc/arm-none-eabi/9.3.1/../../../../arm-none-eabi/lib/thumb/v7-m/nofp\libc.a(lib_a-__atexit.o)

.stabstr        0x0000000000000000       0x76
 .stabstr       0x0000000000000000       0x76 d:/program files/stm32cubeide_1.4.0/stm32cubeide/plugins/com.st.stm32cube.ide.mcu.externaltools.gnu-tools-for-stm32.9-2020-q2-update.win32_1.5.0.202011040924/tools/bin/../lib/gcc/arm-none-eabi/9.3.1/../../../../arm-none-eabi/lib/thumb/v7-m/nofp\libnosys.a(getpid.o)
