17:51:02 **** Incremental Build of configuration Debug for project digital_output_dali_netgate ****
make all 
arm-none-eabi-gcc "../src/virtual_device/dalistack/DALImaster.c" -mcpu=cortex-m3 -std=gnu11 -DSTM32F10X_HD -DUSE_STDPERIPH_DRIVER -c -I../src -I../Libraries/STM32F10x_StdPeriph_Driver/inc -I../Libraries/CMSIS/Device/ST/STM32F10x/Include -I../Libraries/CMSIS/Include -I"D:/Saber_Workshop/Projects/485_BigGateway/digital-output-dali-netgate/code/src/channel" -I"D:/Saber_Workshop/Projects/485_BigGateway/digital-output-dali-netgate/code/src/common" -I"D:/Saber_Workshop/Projects/485_BigGateway/digital-output-dali-netgate/code/src/config_device" -I"D:/Saber_Workshop/Projects/485_BigGateway/digital-output-dali-netgate/code/src/exchange" -I"D:/Saber_Workshop/Projects/485_BigGateway/digital-output-dali-netgate/code/src/protocol" -I"D:/Saber_Workshop/Projects/485_BigGateway/digital-output-dali-netgate/code/src/sys_device" -I"D:/Saber_Workshop/Projects/485_BigGateway/digital-output-dali-netgate/code/src/third_protocol_dev" -I"D:/Saber_Workshop/Projects/485_BigGateway/digital-output-dali-netgate/code/src/virtual_device" -I"D:/Saber_Workshop/Projects/485_BigGateway/digital-output-dali-netgate/code/src/virtual_device/dalistack" -O0 -ffunction-sections -fdata-sections -Wall -fstack-usage -MMD -MP -MF"src/virtual_device/dalistack/DALImaster.d" -MT"src/virtual_device/dalistack/DALImaster.o"  -mfloat-abi=soft -mthumb -o "src/virtual_device/dalistack/DALImaster.o"
arm-none-eabi-gcc "../src/virtual_device/dalistack/dali_cmd.c" -mcpu=cortex-m3 -std=gnu11 -DSTM32F10X_HD -DUSE_STDPERIPH_DRIVER -c -I../src -I../Libraries/STM32F10x_StdPeriph_Driver/inc -I../Libraries/CMSIS/Device/ST/STM32F10x/Include -I../Libraries/CMSIS/Include -I"D:/Saber_Workshop/Projects/485_BigGateway/digital-output-dali-netgate/code/src/channel" -I"D:/Saber_Workshop/Projects/485_BigGateway/digital-output-dali-netgate/code/src/common" -I"D:/Saber_Workshop/Projects/485_BigGateway/digital-output-dali-netgate/code/src/config_device" -I"D:/Saber_Workshop/Projects/485_BigGateway/digital-output-dali-netgate/code/src/exchange" -I"D:/Saber_Workshop/Projects/485_BigGateway/digital-output-dali-netgate/code/src/protocol" -I"D:/Saber_Workshop/Projects/485_BigGateway/digital-output-dali-netgate/code/src/sys_device" -I"D:/Saber_Workshop/Projects/485_BigGateway/digital-output-dali-netgate/code/src/third_protocol_dev" -I"D:/Saber_Workshop/Projects/485_BigGateway/digital-output-dali-netgate/code/src/virtual_device" -I"D:/Saber_Workshop/Projects/485_BigGateway/digital-output-dali-netgate/code/src/virtual_device/dalistack" -O0 -ffunction-sections -fdata-sections -Wall -fstack-usage -MMD -MP -MF"src/virtual_device/dalistack/dali_cmd.d" -MT"src/virtual_device/dalistack/dali_cmd.o"  -mfloat-abi=soft -mthumb -o "src/virtual_device/dalistack/dali_cmd.o"
arm-none-eabi-gcc "../src/virtual_device/dalimaster_control_slave.c" -mcpu=cortex-m3 -std=gnu11 -DSTM32F10X_HD -DUSE_STDPERIPH_DRIVER -c -I../src -I../Libraries/STM32F10x_StdPeriph_Driver/inc -I../Libraries/CMSIS/Device/ST/STM32F10x/Include -I../Libraries/CMSIS/Include -I"D:/Saber_Workshop/Projects/485_BigGateway/digital-output-dali-netgate/code/src/channel" -I"D:/Saber_Workshop/Projects/485_BigGateway/digital-output-dali-netgate/code/src/common" -I"D:/Saber_Workshop/Projects/485_BigGateway/digital-output-dali-netgate/code/src/config_device" -I"D:/Saber_Workshop/Projects/485_BigGateway/digital-output-dali-netgate/code/src/exchange" -I"D:/Saber_Workshop/Projects/485_BigGateway/digital-output-dali-netgate/code/src/protocol" -I"D:/Saber_Workshop/Projects/485_BigGateway/digital-output-dali-netgate/code/src/sys_device" -I"D:/Saber_Workshop/Projects/485_BigGateway/digital-output-dali-netgate/code/src/third_protocol_dev" -I"D:/Saber_Workshop/Projects/485_BigGateway/digital-output-dali-netgate/code/src/virtual_device" -I"D:/Saber_Workshop/Projects/485_BigGateway/digital-output-dali-netgate/code/src/virtual_device/dalistack" -O0 -ffunction-sections -fdata-sections -Wall -fstack-usage -MMD -MP -MF"src/virtual_device/dalimaster_control_slave.d" -MT"src/virtual_device/dalimaster_control_slave.o"  -mfloat-abi=soft -mthumb -o "src/virtual_device/dalimaster_control_slave.o"
arm-none-eabi-gcc "../src/protocol/analog_singal_light.c" -mcpu=cortex-m3 -std=gnu11 -DSTM32F10X_HD -DUSE_STDPERIPH_DRIVER -c -I../src -I../Libraries/STM32F10x_StdPeriph_Driver/inc -I../Libraries/CMSIS/Device/ST/STM32F10x/Include -I../Libraries/CMSIS/Include -I"D:/Saber_Workshop/Projects/485_BigGateway/digital-output-dali-netgate/code/src/channel" -I"D:/Saber_Workshop/Projects/485_BigGateway/digital-output-dali-netgate/code/src/common" -I"D:/Saber_Workshop/Projects/485_BigGateway/digital-output-dali-netgate/code/src/config_device" -I"D:/Saber_Workshop/Projects/485_BigGateway/digital-output-dali-netgate/code/src/exchange" -I"D:/Saber_Workshop/Projects/485_BigGateway/digital-output-dali-netgate/code/src/protocol" -I"D:/Saber_Workshop/Projects/485_BigGateway/digital-output-dali-netgate/code/src/sys_device" -I"D:/Saber_Workshop/Projects/485_BigGateway/digital-output-dali-netgate/code/src/third_protocol_dev" -I"D:/Saber_Workshop/Projects/485_BigGateway/digital-output-dali-netgate/code/src/virtual_device" -I"D:/Saber_Workshop/Projects/485_BigGateway/digital-output-dali-netgate/code/src/virtual_device/dalistack" -O0 -ffunction-sections -fdata-sections -Wall -fstack-usage -MMD -MP -MF"src/protocol/analog_singal_light.d" -MT"src/protocol/analog_singal_light.o"  -mfloat-abi=soft -mthumb -o "src/protocol/analog_singal_light.o"
arm-none-eabi-gcc "../src/protocol/dali_mix.c" -mcpu=cortex-m3 -std=gnu11 -DSTM32F10X_HD -DUSE_STDPERIPH_DRIVER -c -I../src -I../Libraries/STM32F10x_StdPeriph_Driver/inc -I../Libraries/CMSIS/Device/ST/STM32F10x/Include -I../Libraries/CMSIS/Include -I"D:/Saber_Workshop/Projects/485_BigGateway/digital-output-dali-netgate/code/src/channel" -I"D:/Saber_Workshop/Projects/485_BigGateway/digital-output-dali-netgate/code/src/common" -I"D:/Saber_Workshop/Projects/485_BigGateway/digital-output-dali-netgate/code/src/config_device" -I"D:/Saber_Workshop/Projects/485_BigGateway/digital-output-dali-netgate/code/src/exchange" -I"D:/Saber_Workshop/Projects/485_BigGateway/digital-output-dali-netgate/code/src/protocol" -I"D:/Saber_Workshop/Projects/485_BigGateway/digital-output-dali-netgate/code/src/sys_device" -I"D:/Saber_Workshop/Projects/485_BigGateway/digital-output-dali-netgate/code/src/third_protocol_dev" -I"D:/Saber_Workshop/Projects/485_BigGateway/digital-output-dali-netgate/code/src/virtual_device" -I"D:/Saber_Workshop/Projects/485_BigGateway/digital-output-dali-netgate/code/src/virtual_device/dalistack" -O0 -ffunction-sections -fdata-sections -Wall -fstack-usage -MMD -MP -MF"src/protocol/dali_mix.d" -MT"src/protocol/dali_mix.o"  -mfloat-abi=soft -mthumb -o "src/protocol/dali_mix.o"
arm-none-eabi-gcc "../src/main.c" -mcpu=cortex-m3 -std=gnu11 -DSTM32F10X_HD -DUSE_STDPERIPH_DRIVER -c -I../src -I../Libraries/STM32F10x_StdPeriph_Driver/inc -I../Libraries/CMSIS/Device/ST/STM32F10x/Include -I../Libraries/CMSIS/Include -I"D:/Saber_Workshop/Projects/485_BigGateway/digital-output-dali-netgate/code/src/channel" -I"D:/Saber_Workshop/Projects/485_BigGateway/digital-output-dali-netgate/code/src/common" -I"D:/Saber_Workshop/Projects/485_BigGateway/digital-output-dali-netgate/code/src/config_device" -I"D:/Saber_Workshop/Projects/485_BigGateway/digital-output-dali-netgate/code/src/exchange" -I"D:/Saber_Workshop/Projects/485_BigGateway/digital-output-dali-netgate/code/src/protocol" -I"D:/Saber_Workshop/Projects/485_BigGateway/digital-output-dali-netgate/code/src/sys_device" -I"D:/Saber_Workshop/Projects/485_BigGateway/digital-output-dali-netgate/code/src/third_protocol_dev" -I"D:/Saber_Workshop/Projects/485_BigGateway/digital-output-dali-netgate/code/src/virtual_device" -I"D:/Saber_Workshop/Projects/485_BigGateway/digital-output-dali-netgate/code/src/virtual_device/dalistack" -O0 -ffunction-sections -fdata-sections -Wall -fstack-usage -MMD -MP -MF"src/main.d" -MT"src/main.o"  -mfloat-abi=soft -mthumb -o "src/main.o"
arm-none-eabi-gcc -o "digital_output_dali_netgate.elf" @"objects.list"   -mcpu=cortex-m3 -T"../stm32_flash.ld" --specs=nosys.specs -Wl,-Map="digital_output_dali_netgate.map" -Wl,--gc-sections -static  -mfloat-abi=soft -mthumb -Wl,--start-group -lc -lm -Wl,--end-group
Finished building target: digital_output_dali_netgate.elf
 
arm-none-eabi-objdump -h -S  digital_output_dali_netgate.elf  > "digital_output_dali_netgate.list"
Finished building: digital_output_dali_netgate.list
 
arm-none-eabi-objcopy  -O ihex  digital_output_dali_netgate.elf  "digital_output_dali_netgate.hex"
Finished building: digital_output_dali_netgate.hex
 
arm-none-eabi-objcopy  -O binary  digital_output_dali_netgate.elf  "digital_output_dali_netgate.bin"
Finished building: digital_output_dali_netgate.bin
 
arm-none-eabi-size   digital_output_dali_netgate.elf 
   text	   data	    bss	    dec	    hex	filename
  34836	   1640	  21008	  57484	   e08c	digital_output_dali_netgate.elf
Finished building: default.size.stdout
 

17:51:05 Build Finished. 0 errors, 0 warnings. (took 3s.760ms)

